Archive member included to satisfy reference by file (symbol)

C:/ST/STM32CubeIDE_1.14.1/STM32CubeIDE/plugins/com.st.stm32cube.ide.mcu.externaltools.gnu-tools-for-stm32.11.3.rel1.win32_1.1.100.202309141235/tools/bin/../lib/gcc/arm-none-eabi/11.3.1/../../../../arm-none-eabi/lib/thumb/v7e-m+fp/hard\libc_nano.a(libc_a-exit.o)
                              C:/ST/STM32CubeIDE_1.14.1/STM32CubeIDE/plugins/com.st.stm32cube.ide.mcu.externaltools.gnu-tools-for-stm32.11.3.rel1.win32_1.1.100.202309141235/tools/bin/../lib/gcc/arm-none-eabi/11.3.1/../../../../arm-none-eabi/lib/thumb/v7e-m+fp/hard/crt0.o (exit)
C:/ST/STM32CubeIDE_1.14.1/STM32CubeIDE/plugins/com.st.stm32cube.ide.mcu.externaltools.gnu-tools-for-stm32.11.3.rel1.win32_1.1.100.202309141235/tools/bin/../lib/gcc/arm-none-eabi/11.3.1/../../../../arm-none-eabi/lib/thumb/v7e-m+fp/hard\libc_nano.a(libc_a-findfp.o)
                              C:/ST/STM32CubeIDE_1.14.1/STM32CubeIDE/plugins/com.st.stm32cube.ide.mcu.externaltools.gnu-tools-for-stm32.11.3.rel1.win32_1.1.100.202309141235/tools/bin/../lib/gcc/arm-none-eabi/11.3.1/../../../../arm-none-eabi/lib/thumb/v7e-m+fp/hard\libc_nano.a(libc_a-exit.o) (__stdio_exit_handler)
C:/ST/STM32CubeIDE_1.14.1/STM32CubeIDE/plugins/com.st.stm32cube.ide.mcu.externaltools.gnu-tools-for-stm32.11.3.rel1.win32_1.1.100.202309141235/tools/bin/../lib/gcc/arm-none-eabi/11.3.1/../../../../arm-none-eabi/lib/thumb/v7e-m+fp/hard\libc_nano.a(libc_a-fwalk.o)
                              C:/ST/STM32CubeIDE_1.14.1/STM32CubeIDE/plugins/com.st.stm32cube.ide.mcu.externaltools.gnu-tools-for-stm32.11.3.rel1.win32_1.1.100.202309141235/tools/bin/../lib/gcc/arm-none-eabi/11.3.1/../../../../arm-none-eabi/lib/thumb/v7e-m+fp/hard\libc_nano.a(libc_a-findfp.o) (_fwalk_sglue)
C:/ST/STM32CubeIDE_1.14.1/STM32CubeIDE/plugins/com.st.stm32cube.ide.mcu.externaltools.gnu-tools-for-stm32.11.3.rel1.win32_1.1.100.202309141235/tools/bin/../lib/gcc/arm-none-eabi/11.3.1/../../../../arm-none-eabi/lib/thumb/v7e-m+fp/hard\libc_nano.a(libc_a-stdio.o)
                              C:/ST/STM32CubeIDE_1.14.1/STM32CubeIDE/plugins/com.st.stm32cube.ide.mcu.externaltools.gnu-tools-for-stm32.11.3.rel1.win32_1.1.100.202309141235/tools/bin/../lib/gcc/arm-none-eabi/11.3.1/../../../../arm-none-eabi/lib/thumb/v7e-m+fp/hard\libc_nano.a(libc_a-findfp.o) (__sread)
C:/ST/STM32CubeIDE_1.14.1/STM32CubeIDE/plugins/com.st.stm32cube.ide.mcu.externaltools.gnu-tools-for-stm32.11.3.rel1.win32_1.1.100.202309141235/tools/bin/../lib/gcc/arm-none-eabi/11.3.1/../../../../arm-none-eabi/lib/thumb/v7e-m+fp/hard\libc_nano.a(libc_a-memset.o)
                              C:/ST/STM32CubeIDE_1.14.1/STM32CubeIDE/plugins/com.st.stm32cube.ide.mcu.externaltools.gnu-tools-for-stm32.11.3.rel1.win32_1.1.100.202309141235/tools/bin/../lib/gcc/arm-none-eabi/11.3.1/../../../../arm-none-eabi/lib/thumb/v7e-m+fp/hard/crt0.o (memset)
C:/ST/STM32CubeIDE_1.14.1/STM32CubeIDE/plugins/com.st.stm32cube.ide.mcu.externaltools.gnu-tools-for-stm32.11.3.rel1.win32_1.1.100.202309141235/tools/bin/../lib/gcc/arm-none-eabi/11.3.1/../../../../arm-none-eabi/lib/thumb/v7e-m+fp/hard\libc_nano.a(libc_a-closer.o)
                              C:/ST/STM32CubeIDE_1.14.1/STM32CubeIDE/plugins/com.st.stm32cube.ide.mcu.externaltools.gnu-tools-for-stm32.11.3.rel1.win32_1.1.100.202309141235/tools/bin/../lib/gcc/arm-none-eabi/11.3.1/../../../../arm-none-eabi/lib/thumb/v7e-m+fp/hard\libc_nano.a(libc_a-stdio.o) (_close_r)
C:/ST/STM32CubeIDE_1.14.1/STM32CubeIDE/plugins/com.st.stm32cube.ide.mcu.externaltools.gnu-tools-for-stm32.11.3.rel1.win32_1.1.100.202309141235/tools/bin/../lib/gcc/arm-none-eabi/11.3.1/../../../../arm-none-eabi/lib/thumb/v7e-m+fp/hard\libc_nano.a(libc_a-reent.o)
                              C:/ST/STM32CubeIDE_1.14.1/STM32CubeIDE/plugins/com.st.stm32cube.ide.mcu.externaltools.gnu-tools-for-stm32.11.3.rel1.win32_1.1.100.202309141235/tools/bin/../lib/gcc/arm-none-eabi/11.3.1/../../../../arm-none-eabi/lib/thumb/v7e-m+fp/hard\libc_nano.a(libc_a-closer.o) (errno)
C:/ST/STM32CubeIDE_1.14.1/STM32CubeIDE/plugins/com.st.stm32cube.ide.mcu.externaltools.gnu-tools-for-stm32.11.3.rel1.win32_1.1.100.202309141235/tools/bin/../lib/gcc/arm-none-eabi/11.3.1/../../../../arm-none-eabi/lib/thumb/v7e-m+fp/hard\libc_nano.a(libc_a-impure.o)
                              C:/ST/STM32CubeIDE_1.14.1/STM32CubeIDE/plugins/com.st.stm32cube.ide.mcu.externaltools.gnu-tools-for-stm32.11.3.rel1.win32_1.1.100.202309141235/tools/bin/../lib/gcc/arm-none-eabi/11.3.1/../../../../arm-none-eabi/lib/thumb/v7e-m+fp/hard\libc_nano.a(libc_a-reent.o) (_impure_ptr)
C:/ST/STM32CubeIDE_1.14.1/STM32CubeIDE/plugins/com.st.stm32cube.ide.mcu.externaltools.gnu-tools-for-stm32.11.3.rel1.win32_1.1.100.202309141235/tools/bin/../lib/gcc/arm-none-eabi/11.3.1/../../../../arm-none-eabi/lib/thumb/v7e-m+fp/hard\libc_nano.a(libc_a-lseekr.o)
[...]
Memory Configuration

Name             Origin             Length             Attributes
CCMRAM           0x0000000010000000 0x0000000000004000 xrw
RAM              0x0000000020000000 0x0000000000010000 xrw
FLASH            0x0000000008000000 0x0000000000080000 xr
*default*        0x0000000000000000 0xffffffffffffffff

Linker script and memory map

LOAD C:/ST/STM32CubeIDE_1.14.1/STM32CubeIDE/plugins/com.st.stm32cube.ide.mcu.externaltools.gnu-tools-for-stm32.11.3.rel1.win32_1.1.100.202309141235/tools/bin/../lib/gcc/arm-none-eabi/11.3.1/thumb/v7e-m+fp/hard/crti.o
LOAD C:/ST/STM32CubeIDE_1.14.1/STM32CubeIDE/plugins/com.st.stm32cube.ide.mcu.externaltools.gnu-tools-for-stm32.11.3.rel1.win32_1.1.100.202309141235/tools/bin/../lib/gcc/arm-none-eabi/11.3.1/thumb/v7e-m+fp/hard/crtbegin.o
LOAD C:/ST/STM32CubeIDE_1.14.1/STM32CubeIDE/plugins/com.st.stm32cube.ide.mcu.externaltools.gnu-tools-for-stm32.11.3.rel1.win32_1.1.100.202309141235/tools/bin/../lib/gcc/arm-none-eabi/11.3.1/../../../../arm-none-eabi/lib/thumb/v7e-m+fp/hard/crt0.o
LOAD ./Core/Src/dma.o
LOAD ./Core/Src/gpio.o
LOAD ./Core/Src/main.o
LOAD ./Core/Src/spi.o
LOAD ./Core/Src/stm32f3xx_hal_msp.o
LOAD ./Core/Src/stm32f3xx_it.o
LOAD ./Core/Src/syscalls.o
LOAD ./Core/Src/sysmem.o
LOAD ./Core/Src/system_stm32f3xx.o
LOAD ./Core/Src/tim.o
LOAD ./Core/Src/usart.o
LOAD ./Core/Startup/startup_stm32f303retx.o
LOAD ./Core/lib/AS5048A/AS5048A.o
LOAD ./Core/lib/nRF24/NRF24L01.o
LOAD ./Drivers/STM32F3xx_HAL_Driver/Src/stm32f3xx_hal.o
LOAD ./Drivers/STM32F3xx_HAL_Driver/Src/stm32f3xx_hal_cortex.o
LOAD ./Drivers/STM32F3xx_HAL_Driver/Src/stm32f3xx_hal_dma.o
LOAD ./Drivers/STM32F3xx_HAL_Driver/Src/stm32f3xx_hal_exti.o
LOAD ./Drivers/STM32F3xx_HAL_Driver/Src/stm32f3xx_hal_flash.o
LOAD ./Drivers/STM32F3xx_HAL_Driver/Src/stm32f3xx_hal_flash_ex.o
LOAD ./Drivers/STM32F3xx_HAL_Driver/Src/stm32f3xx_hal_gpio.o
LOAD ./Drivers/STM32F3xx_HAL_Driver/Src/stm32f3xx_hal_i2c.o
LOAD ./Drivers/STM32F3xx_HAL_Driver/Src/stm32f3xx_hal_i2c_ex.o
LOAD ./Drivers/STM32F3xx_HAL_Driver/Src/stm32f3xx_hal_pwr.o
LOAD ./Drivers/STM32F3xx_HAL_Driver/Src/stm32f3xx_hal_pwr_ex.o
LOAD ./Drivers/STM32F3xx_HAL_Driver/Src/stm32f3xx_hal_rcc.o
LOAD ./Drivers/STM32F3xx_HAL_Driver/Src/stm32f3xx_hal_rcc_ex.o
LOAD ./Drivers/STM32F3xx_HAL_Driver/Src/stm32f3xx_hal_spi.o
LOAD ./Drivers/STM32F3xx_HAL_Driver/Src/stm32f3xx_hal_spi_ex.o
LOAD ./Drivers/STM32F3xx_HAL_Driver/Src/stm32f3xx_hal_tim.o
LOAD ./Drivers/STM32F3xx_HAL_Driver/Src/stm32f3xx_hal_tim_ex.o
LOAD ./Drivers/STM32F3xx_HAL_Driver/Src/stm32f3xx_hal_uart.o
LOAD ./Drivers/STM32F3xx_HAL_Driver/Src/stm32f3xx_hal_uart_ex.o
START GROUP
LOAD C:/ST/STM32CubeIDE_1.14.1/STM32CubeIDE/plugins/com.st.stm32cube.ide.mcu.externaltools.gnu-tools-for-stm32.11.3.rel1.win32_1.1.100.202309141235/tools/bin/../lib/gcc/arm-none-eabi/11.3.1/../../../../arm-none-eabi/lib/thumb/v7e-m+fp/hard\libc_nano.a
LOAD C:/ST/STM32CubeIDE_1.14.1/STM32CubeIDE/plugins/com.st.stm32cube.ide.mcu.externaltools.gnu-tools-for-stm32.11.3.rel1.win32_1.1.100.202309141235/tools/bin/../lib/gcc/arm-none-eabi/11.3.1/../../../../arm-none-eabi/lib/thumb/v7e-m+fp/hard\libm.a
END GROUP
START GROUP
LOAD C:/ST/STM32CubeIDE_1.14.1/STM32CubeIDE/plugins/com.st.stm32cube.ide.mcu.externaltools.gnu-tools-for-stm32.11.3.rel1.win32_1.1.100.202309141235/tools/bin/../lib/gcc/arm-none-eabi/11.3.1/thumb/v7e-m+fp/hard\libgcc.a
LOAD C:/ST/STM32CubeIDE_1.14.1/STM32CubeIDE/plugins/com.st.stm32cube.ide.mcu.externaltools.gnu-tools-for-stm32.11.3.rel1.win32_1.1.100.202309141235/tools/bin/../lib/gcc/arm-none-eabi/11.3.1/../../../../arm-none-eabi/lib/thumb/v7e-m+fp/hard\libc_nano.a
END GROUP
START GROUP
LOAD C:/ST/STM32CubeIDE_1.14.1/STM32CubeIDE/plugins/com.st.stm32cube.ide.mcu.externaltools.gnu-tools-for-stm32.11.3.rel1.win32_1.1.100.202309141235/tools/bin/../lib/gcc/arm-none-eabi/11.3.1/thumb/v7e-m+fp/hard\libgcc.a
LOAD C:/ST/STM32CubeIDE_1.14.1/STM32CubeIDE/plugins/com.st.stm32cube.ide.mcu.externaltools.gnu-tools-for-stm32.11.3.rel1.win32_1.1.100.202309141235/tools/bin/../lib/gcc/arm-none-eabi/11.3.1/../../../../arm-none-eabi/lib/thumb/v7e-m+fp/hard\libc_nano.a
LOAD C:/ST/STM32CubeIDE_1.14.1/STM32CubeIDE/plugins/com.st.stm32cube.ide.mcu.externaltools.gnu-tools-for-stm32.11.3.rel1.win32_1.1.100.202309141235/tools/bin/../lib/gcc/arm-none-eabi/11.3.1/../../../../arm-none-eabi/lib/thumb/v7e-m+fp/hard\libnosys.a
END GROUP
START GROUP
LOAD C:/ST/STM32CubeIDE_1.14.1/STM32CubeIDE/plugins/com.st.stm32cube.ide.mcu.externaltools.gnu-tools-for-stm32.11.3.rel1.win32_1.1.100.202309141235/tools/bin/../lib/gcc/arm-none-eabi/11.3.1/thumb/v7e-m+fp/hard\libgcc.a
LOAD C:/ST/STM32CubeIDE_1.14.1/STM32CubeIDE/plugins/com.st.stm32cube.ide.mcu.externaltools.gnu-tools-for-stm32.11.3.rel1.win32_1.1.100.202309141235/tools/bin/../lib/gcc/arm-none-eabi/11.3.1/../../../../arm-none-eabi/lib/thumb/v7e-m+fp/hard\libc_nano.a
LOAD C:/ST/STM32CubeIDE_1.14.1/STM32CubeIDE/plugins/com.st.stm32cube.ide.mcu.externaltools.gnu-tools-for-stm32.11.3.rel1.win32_1.1.100.202309141235/tools/bin/../lib/gcc/arm-none-eabi/11.3.1/../../../../arm-none-eabi/lib/thumb/v7e-m+fp/hard\libnosys.a
END GROUP
LOAD C:/ST/STM32CubeIDE_1.14.1/STM32CubeIDE/plugins/com.st.stm32cube.ide.mcu.externaltools.gnu-tools-for-stm32.11.3.rel1.win32_1.1.100.202309141235/tools/bin/../lib/gcc/arm-none-eabi/11.3.1/thumb/v7e-m+fp/hard/crtend.o
LOAD C:/ST/STM32CubeIDE_1.14.1/STM32CubeIDE/plugins/com.st.stm32cube.ide.mcu.externaltools.gnu-tools-for-stm32.11.3.rel1.win32_1.1.100.202309141235/tools/bin/../lib/gcc/arm-none-eabi/11.3.1/thumb/v7e-m+fp/hard/crtn.o
                0x0000000020010000                _estack = (ORIGIN (RAM) + LENGTH (RAM))
                0x0000000000000200                _Min_Heap_Size = 0x200
                0x0000000000000400                _Min_Stack_Size = 0x400

.isr_vector     0x0000000008000000      0x194
                0x0000000008000000                . = ALIGN (0x4)
 *(.isr_vector)
 .isr_vector    0x0000000008000000      0x194 ./Core/Startup/startup_stm32f303retx.o
                0x0000000008000000                g_pfnVectors
                0x0000000008000194                . = ALIGN (0x4)

.text           0x0000000008000194     0x6204
                0x0000000008000194                . = ALIGN (0x4)
 *(.text)
 .text          0x0000000008000194       0x40 C:/ST/STM32CubeIDE_1.14.1/STM32CubeIDE/plugins/com.st.stm32cube.ide.mcu.externaltools.gnu-tools-for-stm32.11.3.rel1.win32_1.1.100.202309141235/tools/bin/../lib/gcc/arm-none-eabi/11.3.1/thumb/v7e-m+fp/hard/crtbegin.o
 *(.text*)
 .text.MX_DMA_Init
                0x00000000080001d4       0x84 ./Core/Src/dma.o
                0x00000000080001d4                MX_DMA_Init
 .text.MX_GPIO_Init
                0x0000000008000258      0x154 ./Core/Src/gpio.o
                0x0000000008000258                MX_GPIO_Init
 .text.HAL_TIM_IC_CaptureCallback
                0x00000000080003ac       0x74 ./Core/Src/main.o
                0x00000000080003ac                HAL_TIM_IC_CaptureCallback
 .text.main     0x0000000008000420      0x1ac ./Core/Src/main.o
                0x0000000008000420                main
 .text.SystemClock_Config
                0x00000000080005cc       0xc4 ./Core/Src/main.o
                0x00000000080005cc                SystemClock_Config
 .text.convert16to8
                0x0000000008000690       0x5e ./Core/Src/main.o
                0x0000000008000690                convert16to8
 *fill*         0x00000000080006ee        0x2 
 .text.CalculateAngularSpeed
                0x00000000080006f0      0x108 ./Core/Src/main.o
                0x00000000080006f0                CalculateAngularSpeed
 .text.map      0x00000000080007f8       0x5c ./Core/Src/main.o
                0x00000000080007f8                map
 .text.Error_Handler
                0x0000000008000854        0xa ./Core/Src/main.o
                0x0000000008000854                Error_Handler
 *fill*         0x000000000800085e        0x2 
 .text.MX_SPI2_Init
                0x0000000008000860       0x7c ./Core/Src/spi.o
                0x0000000008000860                MX_SPI2_Init
 .text.MX_SPI3_Init
                0x00000000080008dc       0x7c ./Core/Src/spi.o
                0x00000000080008dc                MX_SPI3_Init
 .text.HAL_SPI_MspInit
                0x0000000008000958      0x268 ./Core/Src/spi.o
                0x0000000008000958                HAL_SPI_MspInit
 .text.HAL_MspInit
                0x0000000008000bc0       0x48 ./Core/Src/stm32f3xx_hal_msp.o
                0x0000000008000bc0                HAL_MspInit
 .text.NMI_Handler
                0x0000000008000c08        0x6 ./Core/Src/stm32f3xx_it.o
                0x0000000008000c08                NMI_Handler
 .text.HardFault_Handler
                0x0000000008000c0e        0x6 ./Core/Src/stm32f3xx_it.o
                0x0000000008000c0e                HardFault_Handler
 .text.MemManage_Handler
                0x0000000008000c14        0x6 ./Core/Src/stm32f3xx_it.o
                0x0000000008000c14                MemManage_Handler
 .text.BusFault_Handler
                0x0000000008000c1a        0x6 ./Core/Src/stm32f3xx_it.o
                0x0000000008000c1a                BusFault_Handler
 .text.UsageFault_Handler
                0x0000000008000c20        0x6 ./Core/Src/stm32f3xx_it.o
                0x0000000008000c20                UsageFault_Handler
 .text.SVC_Handler
                0x0000000008000c26        0xe ./Core/Src/stm32f3xx_it.o
                0x0000000008000c26                SVC_Handler
 .text.DebugMon_Handler
                0x0000000008000c34        0xe ./Core/Src/stm32f3xx_it.o
                0x0000000008000c34                DebugMon_Handler
 .text.PendSV_Handler
                0x0000000008000c42        0xe ./Core/Src/stm32f3xx_it.o
                0x0000000008000c42                PendSV_Handler
 .text.SysTick_Handler
                0x0000000008000c50        0xc ./Core/Src/stm32f3xx_it.o
                0x0000000008000c50                SysTick_Handler
 .text.DMA1_Channel4_IRQHandler
                0x0000000008000c5c       0x14 ./Core/Src/stm32f3xx_it.o
                0x0000000008000c5c                DMA1_Channel4_IRQHandler
 .text.DMA1_Channel5_IRQHandler
                0x0000000008000c70       0x14 ./Core/Src/stm32f3xx_it.o
                0x0000000008000c70                DMA1_Channel5_IRQHandler
 .text.TIM2_IRQHandler
                0x0000000008000c84       0x14 ./Core/Src/stm32f3xx_it.o
                0x0000000008000c84                TIM2_IRQHandler
 .text.SPI2_IRQHandler
                0x0000000008000c98       0x14 ./Core/Src/stm32f3xx_it.o
                0x0000000008000c98                SPI2_IRQHandler
 .text.SPI3_IRQHandler
                0x0000000008000cac       0x14 ./Core/Src/stm32f3xx_it.o
                0x0000000008000cac                SPI3_IRQHandler
 .text.DMA2_Channel1_IRQHandler
                0x0000000008000cc0       0x14 ./Core/Src/stm32f3xx_it.o
                0x0000000008000cc0                DMA2_Channel1_IRQHandler
 .text.DMA2_Channel2_IRQHandler
                0x0000000008000cd4       0x14 ./Core/Src/stm32f3xx_it.o
                0x0000000008000cd4                DMA2_Channel2_IRQHandler
 .text.SystemInit
                0x0000000008000ce8       0x24 ./Core/Src/system_stm32f3xx.o
                0x0000000008000ce8                SystemInit
 .text.MX_TIM2_Init
                0x0000000008000d0c      0x13c ./Core/Src/tim.o
                0x0000000008000d0c                MX_TIM2_Init
 .text.HAL_TIM_Base_MspInit
                0x0000000008000e48       0x90 ./Core/Src/tim.o
                0x0000000008000e48                HAL_TIM_Base_MspInit
 .text.MX_USART2_UART_Init
                0x0000000008000ed8       0x60 ./Core/Src/usart.o
                0x0000000008000ed8                MX_USART2_UART_Init
 .text.HAL_UART_MspInit
                0x0000000008000f38       0x84 ./Core/Src/usart.o
                0x0000000008000f38                HAL_UART_MspInit
 .text.Reset_Handler
                0x0000000008000fbc       0x50 ./Core/Startup/startup_stm32f303retx.o
                0x0000000008000fbc                Reset_Handler
 .text.Default_Handler
                0x000000000800100c        0x2 ./Core/Startup/startup_stm32f303retx.o
                0x000000000800100c                RTC_Alarm_IRQHandler
                0x000000000800100c                TIM8_TRG_COM_IRQHandler
                0x000000000800100c                TIM8_CC_IRQHandler
                0x000000000800100c                SPI4_IRQHandler
                0x000000000800100c                TIM1_CC_IRQHandler
                0x000000000800100c                USB_HP_IRQHandler
                0x000000000800100c                PVD_IRQHandler
                0x000000000800100c                TAMP_STAMP_IRQHandler
                0x000000000800100c                EXTI3_IRQHandler
                0x000000000800100c                I2C3_ER_IRQHandler
                0x000000000800100c                USB_HP_CAN_TX_IRQHandler
                0x000000000800100c                EXTI0_IRQHandler
                0x000000000800100c                I2C2_EV_IRQHandler
                0x000000000800100c                FPU_IRQHandler
                0x000000000800100c                TIM1_UP_TIM16_IRQHandler
                0x000000000800100c                ADC1_2_IRQHandler
                0x000000000800100c                SPI1_IRQHandler
                0x000000000800100c                CAN_SCE_IRQHandler
                0x000000000800100c                TIM6_DAC_IRQHandler
                0x000000000800100c                TIM8_UP_IRQHandler
                0x000000000800100c                TIM20_TRG_COM_IRQHandler
                0x000000000800100c                USART3_IRQHandler
                0x000000000800100c                DMA1_Channel7_IRQHandler
                0x000000000800100c                UART5_IRQHandler
                0x000000000800100c                ADC3_IRQHandler
                0x000000000800100c                TIM4_IRQHandler
                0x000000000800100c                CAN_RX1_IRQHandler
                0x000000000800100c                I2C1_EV_IRQHandler
                0x000000000800100c                DMA1_Channel6_IRQHandler
                0x000000000800100c                UART4_IRQHandler
                0x000000000800100c                DMA2_Channel4_IRQHandler
                0x000000000800100c                TIM3_IRQHandler
                0x000000000800100c                RCC_IRQHandler
                0x000000000800100c                TIM20_UP_IRQHandler
                0x000000000800100c                DMA1_Channel1_IRQHandler
                0x000000000800100c                Default_Handler
                0x000000000800100c                USBWakeUp_RMP_IRQHandler
                0x000000000800100c                EXTI15_10_IRQHandler
                0x000000000800100c                TIM7_IRQHandler
                0x000000000800100c                I2C3_EV_IRQHandler
                0x000000000800100c                EXTI9_5_IRQHandler
                0x000000000800100c                RTC_WKUP_IRQHandler
                0x000000000800100c                USB_LP_CAN_RX0_IRQHandler
                0x000000000800100c                DMA2_Channel5_IRQHandler
                0x000000000800100c                USB_LP_IRQHandler
                0x000000000800100c                EXTI4_IRQHandler
                0x000000000800100c                TIM1_TRG_COM_TIM17_IRQHandler
                0x000000000800100c                DMA1_Channel3_IRQHandler
                0x000000000800100c                ADC4_IRQHandler
                0x000000000800100c                WWDG_IRQHandler
                0x000000000800100c                COMP7_IRQHandler
                0x000000000800100c                COMP1_2_3_IRQHandler
                0x000000000800100c                EXTI1_IRQHandler
                0x000000000800100c                USART2_IRQHandler
                0x000000000800100c                COMP4_5_6_IRQHandler
                0x000000000800100c                TIM20_BRK_IRQHandler
                0x000000000800100c                I2C2_ER_IRQHandler
                0x000000000800100c                DMA1_Channel2_IRQHandler
                0x000000000800100c                TIM8_BRK_IRQHandler
                0x000000000800100c                FLASH_IRQHandler
                0x000000000800100c                TIM20_CC_IRQHandler
                0x000000000800100c                USART1_IRQHandler
                0x000000000800100c                I2C1_ER_IRQHandler
                0x000000000800100c                FMC_IRQHandler
                0x000000000800100c                USBWakeUp_IRQHandler
                0x000000000800100c                DMA2_Channel3_IRQHandler
                0x000000000800100c                EXTI2_TSC_IRQHandler
                0x000000000800100c                TIM1_BRK_TIM15_IRQHandler
 *fill*         0x000000000800100e        0x2 
 .text.AS5048A_Init
                0x0000000008001010       0x20 ./Core/lib/AS5048A/AS5048A.o
                0x0000000008001010                AS5048A_Init
 .text.CS_Select
                0x0000000008001030       0x18 ./Core/lib/nRF24/NRF24L01.o
                0x0000000008001030                CS_Select
 .text.CS_UnSelect
                0x0000000008001048       0x18 ./Core/lib/nRF24/NRF24L01.o
                0x0000000008001048                CS_UnSelect
 .text.CE_Enable
                0x0000000008001060       0x18 ./Core/lib/nRF24/NRF24L01.o
                0x0000000008001060                CE_Enable
 .text.CE_Disable
                0x0000000008001078       0x18 ./Core/lib/nRF24/NRF24L01.o
                0x0000000008001078                CE_Disable
 .text.nrf24_WriteReg
                0x0000000008001090       0x44 ./Core/lib/nRF24/NRF24L01.o
                0x0000000008001090                nrf24_WriteReg
 .text.nrf24_WriteRegMulti
                0x00000000080010d4       0x4c ./Core/lib/nRF24/NRF24L01.o
                0x00000000080010d4                nrf24_WriteRegMulti
 .text.nrf24_ReadReg
                0x0000000008001120       0x40 ./Core/lib/nRF24/NRF24L01.o
                0x0000000008001120                nrf24_ReadReg
 .text.nrfsendCmd
                0x0000000008001160       0x2c ./Core/lib/nRF24/NRF24L01.o
                0x0000000008001160                nrfsendCmd
 .text.nrf24_reset
                0x000000000800118c      0x14c ./Core/lib/nRF24/NRF24L01.o
                0x000000000800118c                nrf24_reset
 .text.NRF24_Init
                0x00000000080012d8       0x4e ./Core/lib/nRF24/NRF24L01.o
                0x00000000080012d8                NRF24_Init
 .text.NRF24_TxMode
                0x0000000008001326       0x4c ./Core/lib/nRF24/NRF24L01.o
                0x0000000008001326                NRF24_TxMode
 *fill*         0x0000000008001372        0x2 
 .text.NRF24_Transmit
                0x0000000008001374       0x7c ./Core/lib/nRF24/NRF24L01.o
                0x0000000008001374                NRF24_Transmit
 .text.HAL_Init
                0x00000000080013f0       0x2c ./Drivers/STM32F3xx_HAL_Driver/Src/stm32f3xx_hal.o
                0x00000000080013f0                HAL_Init
 .text.HAL_InitTick
                0x000000000800141c       0x60 ./Drivers/STM32F3xx_HAL_Driver/Src/stm32f3xx_hal.o
                0x000000000800141c                HAL_InitTick
 .text.HAL_IncTick
                0x000000000800147c       0x28 ./Drivers/STM32F3xx_HAL_Driver/Src/stm32f3xx_hal.o
                0x000000000800147c                HAL_IncTick
 .text.HAL_GetTick
                0x00000000080014a4       0x18 ./Drivers/STM32F3xx_HAL_Driver/Src/stm32f3xx_hal.o
                0x00000000080014a4                HAL_GetTick
 .text.HAL_Delay
                0x00000000080014bc       0x48 ./Drivers/STM32F3xx_HAL_Driver/Src/stm32f3xx_hal.o
                0x00000000080014bc                HAL_Delay
 .text.__NVIC_SetPriorityGrouping
                0x0000000008001504       0x48 ./Drivers/STM32F3xx_HAL_Driver/Src/stm32f3xx_hal_cortex.o
 .text.__NVIC_GetPriorityGrouping
                0x000000000800154c       0x1c ./Drivers/STM32F3xx_HAL_Driver/Src/stm32f3xx_hal_cortex.o
 .text.__NVIC_EnableIRQ
                0x0000000008001568       0x3c ./Drivers/STM32F3xx_HAL_Driver/Src/stm32f3xx_hal_cortex.o
 .text.__NVIC_SetPriority
                0x00000000080015a4       0x54 ./Drivers/STM32F3xx_HAL_Driver/Src/stm32f3xx_hal_cortex.o
 .text.NVIC_EncodePriority
                0x00000000080015f8       0x66 ./Drivers/STM32F3xx_HAL_Driver/Src/stm32f3xx_hal_cortex.o
 *fill*         0x000000000800165e        0x2 
 .text.SysTick_Config
                0x0000000008001660       0x44 ./Drivers/STM32F3xx_HAL_Driver/Src/stm32f3xx_hal_cortex.o
 .text.HAL_NVIC_SetPriorityGrouping
                0x00000000080016a4       0x16 ./Drivers/STM32F3xx_HAL_Driver/Src/stm32f3xx_hal_cortex.o
                0x00000000080016a4                HAL_NVIC_SetPriorityGrouping
 .text.HAL_NVIC_SetPriority
                0x00000000080016ba       0x38 ./Drivers/STM32F3xx_HAL_Driver/Src/stm32f3xx_hal_cortex.o
                0x00000000080016ba                HAL_NVIC_SetPriority
 .text.HAL_NVIC_EnableIRQ
                0x00000000080016f2       0x1c ./Drivers/STM32F3xx_HAL_Driver/Src/stm32f3xx_hal_cortex.o
                0x00000000080016f2                HAL_NVIC_EnableIRQ
 .text.HAL_SYSTICK_Config
                0x000000000800170e       0x18 ./Drivers/STM32F3xx_HAL_Driver/Src/stm32f3xx_hal_cortex.o
                0x000000000800170e                HAL_SYSTICK_Config
 .text.HAL_DMA_Init
                0x0000000008001726       0x8e ./Drivers/STM32F3xx_HAL_Driver/Src/stm32f3xx_hal_dma.o
                0x0000000008001726                HAL_DMA_Init
 .text.HAL_DMA_Abort_IT
                0x00000000080017b4       0x7c ./Drivers/STM32F3xx_HAL_Driver/Src/stm32f3xx_hal_dma.o
                0x00000000080017b4                HAL_DMA_Abort_IT
 .text.HAL_DMA_IRQHandler
                0x0000000008001830      0x146 ./Drivers/STM32F3xx_HAL_Driver/Src/stm32f3xx_hal_dma.o
                0x0000000008001830                HAL_DMA_IRQHandler
 *fill*         0x0000000008001976        0x2 
 .text.DMA_CalcBaseAndBitshift
                0x0000000008001978       0x78 ./Drivers/STM32F3xx_HAL_Driver/Src/stm32f3xx_hal_dma.o
 .text.HAL_GPIO_Init
                0x00000000080019f0      0x314 ./Drivers/STM32F3xx_HAL_Driver/Src/stm32f3xx_hal_gpio.o
                0x00000000080019f0                HAL_GPIO_Init
 .text.HAL_GPIO_WritePin
                0x0000000008001d04       0x30 ./Drivers/STM32F3xx_HAL_Driver/Src/stm32f3xx_hal_gpio.o
                0x0000000008001d04                HAL_GPIO_WritePin
 .text.HAL_RCC_OscConfig
                0x0000000008001d34     0x10a8 ./Drivers/STM32F3xx_HAL_Driver/Src/stm32f3xx_hal_rcc.o
                0x0000000008001d34                HAL_RCC_OscConfig
 .text.HAL_RCC_ClockConfig
                0x0000000008002ddc      0x2f8 ./Drivers/STM32F3xx_HAL_Driver/Src/stm32f3xx_hal_rcc.o
                0x0000000008002ddc                HAL_RCC_ClockConfig
 .text.HAL_RCC_GetSysClockFreq
                0x00000000080030d4       0xa8 ./Drivers/STM32F3xx_HAL_Driver/Src/stm32f3xx_hal_rcc.o
                0x00000000080030d4                HAL_RCC_GetSysClockFreq
 .text.HAL_RCC_GetHCLKFreq
                0x000000000800317c       0x18 ./Drivers/STM32F3xx_HAL_Driver/Src/stm32f3xx_hal_rcc.o
                0x000000000800317c                HAL_RCC_GetHCLKFreq
 .text.HAL_RCC_GetPCLK1Freq
                0x0000000008003194       0x44 ./Drivers/STM32F3xx_HAL_Driver/Src/stm32f3xx_hal_rcc.o
                0x0000000008003194                HAL_RCC_GetPCLK1Freq
 .text.HAL_RCC_GetPCLK2Freq
                0x00000000080031d8       0x44 ./Drivers/STM32F3xx_HAL_Driver/Src/stm32f3xx_hal_rcc.o
                0x00000000080031d8                HAL_RCC_GetPCLK2Freq
 .text.HAL_RCCEx_PeriphCLKConfig
                0x000000000800321c      0x43c ./Drivers/STM32F3xx_HAL_Driver/Src/stm32f3xx_hal_rcc_ex.o
                0x000000000800321c                HAL_RCCEx_PeriphCLKConfig
 .text.HAL_SPI_Init
                0x0000000008003658      0x156 ./Drivers/STM32F3xx_HAL_Driver/Src/stm32f3xx_hal_spi.o
                0x0000000008003658                HAL_SPI_Init
 .text.HAL_SPI_Transmit
                0x00000000080037ae      0x2ea ./Drivers/STM32F3xx_HAL_Driver/Src/stm32f3xx_hal_spi.o
                0x00000000080037ae                HAL_SPI_Transmit
 .text.HAL_SPI_Receive
                0x0000000008003a98      0x26e ./Drivers/STM32F3xx_HAL_Driver/Src/stm32f3xx_hal_spi.o
                0x0000000008003a98                HAL_SPI_Receive
 .text.HAL_SPI_TransmitReceive
                0x0000000008003d06      0x444 ./Drivers/STM32F3xx_HAL_Driver/Src/stm32f3xx_hal_spi.o
                0x0000000008003d06                HAL_SPI_TransmitReceive
 *fill*         0x000000000800414a        0x2 
 .text.HAL_SPI_IRQHandler
                0x000000000800414c      0x1e8 ./Drivers/STM32F3xx_HAL_Driver/Src/stm32f3xx_hal_spi.o
                0x000000000800414c                HAL_SPI_IRQHandler
 .text.HAL_SPI_ErrorCallback
                0x0000000008004334       0x14 ./Drivers/STM32F3xx_HAL_Driver/Src/stm32f3xx_hal_spi.o
                0x0000000008004334                HAL_SPI_ErrorCallback
 .text.SPI_DMAAbortOnError
                0x0000000008004348       0x2a ./Drivers/STM32F3xx_HAL_Driver/Src/stm32f3xx_hal_spi.o
 *fill*         0x0000000008004372        0x2 
 .text.SPI_WaitFlagStateUntilTimeout
                0x0000000008004374      0x110 ./Drivers/STM32F3xx_HAL_Driver/Src/stm32f3xx_hal_spi.o
 .text.SPI_WaitFifoStateUntilTimeout
                0x0000000008004484      0x12c ./Drivers/STM32F3xx_HAL_Driver/Src/stm32f3xx_hal_spi.o
 .text.SPI_EndRxTransaction
                0x00000000080045b0       0xb0 ./Drivers/STM32F3xx_HAL_Driver/Src/stm32f3xx_hal_spi.o
 .text.SPI_EndRxTxTransaction
                0x0000000008004660       0x8c ./Drivers/STM32F3xx_HAL_Driver/Src/stm32f3xx_hal_spi.o
 .text.HAL_TIM_Base_Init
                0x00000000080046ec       0xae ./Drivers/STM32F3xx_HAL_Driver/Src/stm32f3xx_hal_tim.o
                0x00000000080046ec                HAL_TIM_Base_Init
 .text.HAL_TIM_IC_Init
                0x000000000800479a       0xae ./Drivers/STM32F3xx_HAL_Driver/Src/stm32f3xx_hal_tim.o
                0x000000000800479a                HAL_TIM_IC_Init
 .text.HAL_TIM_IC_MspInit
                0x0000000008004848       0x14 ./Drivers/STM32F3xx_HAL_Driver/Src/stm32f3xx_hal_tim.o
                0x0000000008004848                HAL_TIM_IC_MspInit
 .text.HAL_TIM_IC_Start
                0x000000000800485c      0x1f8 ./Drivers/STM32F3xx_HAL_Driver/Src/stm32f3xx_hal_tim.o
                0x000000000800485c                HAL_TIM_IC_Start
 .text.HAL_TIM_IC_Start_IT
                0x0000000008004a54      0x294 ./Drivers/STM32F3xx_HAL_Driver/Src/stm32f3xx_hal_tim.o
                0x0000000008004a54                HAL_TIM_IC_Start_IT
 .text.HAL_TIM_IRQHandler
                0x0000000008004ce8      0x204 ./Drivers/STM32F3xx_HAL_Driver/Src/stm32f3xx_hal_tim.o
                0x0000000008004ce8                HAL_TIM_IRQHandler
 .text.HAL_TIM_IC_ConfigChannel
                0x0000000008004eec      0x138 ./Drivers/STM32F3xx_HAL_Driver/Src/stm32f3xx_hal_tim.o
                0x0000000008004eec                HAL_TIM_IC_ConfigChannel
 .text.HAL_TIM_ConfigClockSource
                0x0000000008005024      0x192 ./Drivers/STM32F3xx_HAL_Driver/Src/stm32f3xx_hal_tim.o
                0x0000000008005024                HAL_TIM_ConfigClockSource
 .text.HAL_TIM_SlaveConfigSynchro
                0x00000000080051b6       0x84 ./Drivers/STM32F3xx_HAL_Driver/Src/stm32f3xx_hal_tim.o
                0x00000000080051b6                HAL_TIM_SlaveConfigSynchro
 *fill*         0x000000000800523a        0x2 
 .text.HAL_TIM_ReadCapturedValue
                0x000000000800523c       0x88 ./Drivers/STM32F3xx_HAL_Driver/Src/stm32f3xx_hal_tim.o
                0x000000000800523c                HAL_TIM_ReadCapturedValue
 .text.HAL_TIM_PeriodElapsedCallback
                0x00000000080052c4       0x14 ./Drivers/STM32F3xx_HAL_Driver/Src/stm32f3xx_hal_tim.o
                0x00000000080052c4                HAL_TIM_PeriodElapsedCallback
 .text.HAL_TIM_OC_DelayElapsedCallback
                0x00000000080052d8       0x14 ./Drivers/STM32F3xx_HAL_Driver/Src/stm32f3xx_hal_tim.o
                0x00000000080052d8                HAL_TIM_OC_DelayElapsedCallback
 .text.HAL_TIM_PWM_PulseFinishedCallback
                0x00000000080052ec       0x14 ./Drivers/STM32F3xx_HAL_Driver/Src/stm32f3xx_hal_tim.o
                0x00000000080052ec                HAL_TIM_PWM_PulseFinishedCallback
 .text.HAL_TIM_TriggerCallback
                0x0000000008005300       0x14 ./Drivers/STM32F3xx_HAL_Driver/Src/stm32f3xx_hal_tim.o
                0x0000000008005300                HAL_TIM_TriggerCallback
 .text.TIM_Base_SetConfig
                0x0000000008005314      0x154 ./Drivers/STM32F3xx_HAL_Driver/Src/stm32f3xx_hal_tim.o
                0x0000000008005314                TIM_Base_SetConfig
 .text.TIM_SlaveTimer_SetConfig
                0x0000000008005468      0x126 ./Drivers/STM32F3xx_HAL_Driver/Src/stm32f3xx_hal_tim.o
 *fill*         0x000000000800558e        0x2 
 .text.TIM_TI1_SetConfig
                0x0000000008005590       0xdc ./Drivers/STM32F3xx_HAL_Driver/Src/stm32f3xx_hal_tim.o
                0x0000000008005590                TIM_TI1_SetConfig
 .text.TIM_TI1_ConfigInputStage
                0x000000000800566c       0x5e ./Drivers/STM32F3xx_HAL_Driver/Src/stm32f3xx_hal_tim.o
 .text.TIM_TI2_SetConfig
                0x00000000080056ca       0x7a ./Drivers/STM32F3xx_HAL_Driver/Src/stm32f3xx_hal_tim.o
 .text.TIM_TI2_ConfigInputStage
                0x0000000008005744       0x60 ./Drivers/STM32F3xx_HAL_Driver/Src/stm32f3xx_hal_tim.o
 .text.TIM_TI3_SetConfig
                0x00000000080057a4       0x78 ./Drivers/STM32F3xx_HAL_Driver/Src/stm32f3xx_hal_tim.o
 .text.TIM_TI4_SetConfig
                0x000000000800581c       0x7a ./Drivers/STM32F3xx_HAL_Driver/Src/stm32f3xx_hal_tim.o
 .text.TIM_ITRx_SetConfig
                0x0000000008005896       0x36 ./Drivers/STM32F3xx_HAL_Driver/Src/stm32f3xx_hal_tim.o
 .text.TIM_ETR_SetConfig
                0x00000000080058cc       0x40 ./Drivers/STM32F3xx_HAL_Driver/Src/stm32f3xx_hal_tim.o
                0x00000000080058cc                TIM_ETR_SetConfig
 .text.TIM_CCxChannelCmd
                0x000000000800590c       0x4a ./Drivers/STM32F3xx_HAL_Driver/Src/stm32f3xx_hal_tim.o
                0x000000000800590c                TIM_CCxChannelCmd
 *fill*         0x0000000008005956        0x2 
 .text.HAL_TIMEx_MasterConfigSynchronization
                0x0000000008005958      0x118 ./Drivers/STM32F3xx_HAL_Driver/Src/stm32f3xx_hal_tim_ex.o
                0x0000000008005958                HAL_TIMEx_MasterConfigSynchronization
 .text.HAL_TIMEx_CommutCallback
                0x0000000008005a70       0x14 ./Drivers/STM32F3xx_HAL_Driver/Src/stm32f3xx_hal_tim_ex.o
                0x0000000008005a70                HAL_TIMEx_CommutCallback
 .text.HAL_TIMEx_BreakCallback
                0x0000000008005a84       0x14 ./Drivers/STM32F3xx_HAL_Driver/Src/stm32f3xx_hal_tim_ex.o
                0x0000000008005a84                HAL_TIMEx_BreakCallback
 .text.HAL_TIMEx_Break2Callback
                0x0000000008005a98       0x14 ./Drivers/STM32F3xx_HAL_Driver/Src/stm32f3xx_hal_tim_ex.o
                0x0000000008005a98                HAL_TIMEx_Break2Callback
 .text.HAL_UART_Init
                0x0000000008005aac       0x9c ./Drivers/STM32F3xx_HAL_Driver/Src/stm32f3xx_hal_uart.o
                0x0000000008005aac                HAL_UART_Init
 .text.UART_SetConfig
                0x0000000008005b48      0x3a8 ./Drivers/STM32F3xx_HAL_Driver/Src/stm32f3xx_hal_uart.o
                0x0000000008005b48                UART_SetConfig
 .text.UART_AdvFeatureConfig
                0x0000000008005ef0      0x144 ./Drivers/STM32F3xx_HAL_Driver/Src/stm32f3xx_hal_uart.o
                0x0000000008005ef0                UART_AdvFeatureConfig
 .text.UART_CheckIdleState
                0x0000000008006034      0x150 ./Drivers/STM32F3xx_HAL_Driver/Src/stm32f3xx_hal_uart.o
                0x0000000008006034                UART_CheckIdleState
 .text.UART_WaitOnFlagUntilTimeout
                0x0000000008006184       0xda ./Drivers/STM32F3xx_HAL_Driver/Src/stm32f3xx_hal_uart.o
                0x0000000008006184                UART_WaitOnFlagUntilTimeout
 .text.UART_EndRxTransfer
                0x000000000800625e       0xc8 ./Drivers/STM32F3xx_HAL_Driver/Src/stm32f3xx_hal_uart.o
 .text.memset   0x0000000008006326       0x10 C:/ST/STM32CubeIDE_1.14.1/STM32CubeIDE/plugins/com.st.stm32cube.ide.mcu.externaltools.gnu-tools-for-stm32.11.3.rel1.win32_1.1.100.202309141235/tools/bin/../lib/gcc/arm-none-eabi/11.3.1/../../../../arm-none-eabi/lib/thumb/v7e-m+fp/hard\libc_nano.a(libc_a-memset.o)
                0x0000000008006326                memset
 *fill*         0x0000000008006336        0x2 
 .text.__libc_init_array
                0x0000000008006338       0x48 C:/ST/STM32CubeIDE_1.14.1/STM32CubeIDE/plugins/com.st.stm32cube.ide.mcu.externaltools.gnu-tools-for-stm32.11.3.rel1.win32_1.1.100.202309141235/tools/bin/../lib/gcc/arm-none-eabi/11.3.1/../../../../arm-none-eabi/lib/thumb/v7e-m+fp/hard\libc_nano.a(libc_a-init.o)
                0x0000000008006338                __libc_init_array
 *(.glue_7)
 .glue_7        0x0000000008006380        0x0 linker stubs
 *(.glue_7t)
 .glue_7t       0x0000000008006380        0x0 linker stubs
 *(.eh_frame)
 .eh_frame      0x0000000008006380        0x0 C:/ST/STM32CubeIDE_1.14.1/STM32CubeIDE/plugins/com.st.stm32cube.ide.mcu.externaltools.gnu-tools-for-stm32.11.3.rel1.win32_1.1.100.202309141235/tools/bin/../lib/gcc/arm-none-eabi/11.3.1/thumb/v7e-m+fp/hard/crtbegin.o
 *(.init)
 .init          0x0000000008006380        0x4 C:/ST/STM32CubeIDE_1.14.1/STM32CubeIDE/plugins/com.st.stm32cube.ide.mcu.externaltools.gnu-tools-for-stm32.11.3.rel1.win32_1.1.100.202309141235/tools/bin/../lib/gcc/arm-none-eabi/11.3.1/thumb/v7e-m+fp/hard/crti.o
                0x0000000008006380                _init
 .init          0x0000000008006384        0x8 C:/ST/STM32CubeIDE_1.14.1/STM32CubeIDE/plugins/com.st.stm32cube.ide.mcu.externaltools.gnu-tools-for-stm32.11.3.rel1.win32_1.1.100.202309141235/tools/bin/../lib/gcc/arm-none-eabi/11.3.1/thumb/v7e-m+fp/hard/crtn.o
 *(.fini)
 .fini          0x000000000800638c        0x4 C:/ST/STM32CubeIDE_1.14.1/STM32CubeIDE/plugins/com.st.stm32cube.ide.mcu.externaltools.gnu-tools-for-stm32.11.3.rel1.win32_1.1.100.202309141235/tools/bin/../lib/gcc/arm-none-eabi/11.3.1/thumb/v7e-m+fp/hard/crti.o
                0x000000000800638c                _fini
 .fini          0x0000000008006390        0x8 C:/ST/STM32CubeIDE_1.14.1/STM32CubeIDE/plugins/com.st.stm32cube.ide.mcu.externaltools.gnu-tools-for-stm32.11.3.rel1.win32_1.1.100.202309141235/tools/bin/../lib/gcc/arm-none-eabi/11.3.1/thumb/v7e-m+fp/hard/crtn.o
                0x0000000008006398                . = ALIGN (0x4)
                0x0000000008006398                _etext = .

.vfp11_veneer   0x0000000008006398        0x0
 .vfp11_veneer  0x0000000008006398        0x0 linker stubs

.v4_bx          0x0000000008006398        0x0
 .v4_bx         0x0000000008006398        0x0 linker stubs

.iplt           0x0000000008006398        0x0
 .iplt          0x0000000008006398        0x0 C:/ST/STM32CubeIDE_1.14.1/STM32CubeIDE/plugins/com.st.stm32cube.ide.mcu.externaltools.gnu-tools-for-stm32.11.3.rel1.win32_1.1.100.202309141235/tools/bin/../lib/gcc/arm-none-eabi/11.3.1/thumb/v7e-m+fp/hard/crtbegin.o

.rodata         0x0000000008006398       0x48
                0x0000000008006398                . = ALIGN (0x4)
 *(.rodata)
 .rodata        0x0000000008006398        0xd ./Core/lib/nRF24/NRF24L01.o
 *(.rodata*)
 *fill*         0x00000000080063a5        0x3 
 .rodata.AHBPrescTable
                0x00000000080063a8       0x10 ./Core/Src/system_stm32f3xx.o
                0x00000000080063a8                AHBPrescTable
 .rodata.APBPrescTable
                0x00000000080063b8        0x8 ./Core/Src/system_stm32f3xx.o
                0x00000000080063b8                APBPrescTable
 .rodata.aPLLMULFactorTable
                0x00000000080063c0       0x10 ./Drivers/STM32F3xx_HAL_Driver/Src/stm32f3xx_hal_rcc.o
 .rodata.aPredivFactorTable
                0x00000000080063d0       0x10 ./Drivers/STM32F3xx_HAL_Driver/Src/stm32f3xx_hal_rcc.o
                0x00000000080063e0                . = ALIGN (0x4)

.rel.dyn        0x00000000080063e0        0x0
 .rel.iplt      0x00000000080063e0        0x0 C:/ST/STM32CubeIDE_1.14.1/STM32CubeIDE/plugins/com.st.stm32cube.ide.mcu.externaltools.gnu-tools-for-stm32.11.3.rel1.win32_1.1.100.202309141235/tools/bin/../lib/gcc/arm-none-eabi/11.3.1/thumb/v7e-m+fp/hard/crtbegin.o

.ARM.extab      0x00000000080063e0        0x0
                0x00000000080063e0                . = ALIGN (0x4)
 *(.ARM.extab* .gnu.linkonce.armextab.*)
                0x00000000080063e0                . = ALIGN (0x4)

.ARM            0x00000000080063e0        0x0
                0x00000000080063e0                . = ALIGN (0x4)
                0x00000000080063e0                __exidx_start = .
 *(.ARM.exidx*)
                0x00000000080063e0                __exidx_end = .
                0x00000000080063e0                . = ALIGN (0x4)

.preinit_array  0x00000000080063e0        0x0
                0x00000000080063e0                . = ALIGN (0x4)
                0x00000000080063e0                PROVIDE (__preinit_array_start = .)
 *(.preinit_array*)
                0x00000000080063e0                PROVIDE (__preinit_array_end = .)
                0x00000000080063e0                . = ALIGN (0x4)

.init_array     0x00000000080063e0        0x4
                0x00000000080063e0                . = ALIGN (0x4)
                0x00000000080063e0                PROVIDE (__init_array_start = .)
 *(SORT_BY_NAME(.init_array.*))
 *(.init_array*)
 .init_array    0x00000000080063e0        0x4 C:/ST/STM32CubeIDE_1.14.1/STM32CubeIDE/plugins/com.st.stm32cube.ide.mcu.externaltools.gnu-tools-for-stm32.11.3.rel1.win32_1.1.100.202309141235/tools/bin/../lib/gcc/arm-none-eabi/11.3.1/thumb/v7e-m+fp/hard/crtbegin.o
                0x00000000080063e4                PROVIDE (__init_array_end = .)
                0x00000000080063e4                . = ALIGN (0x4)

.fini_array     0x00000000080063e4        0x4
                0x00000000080063e4                . = ALIGN (0x4)
                [!provide]                        PROVIDE (__fini_array_start = .)
 *(SORT_BY_NAME(.fini_array.*))
 *(.fini_array*)
 .fini_array    0x00000000080063e4        0x4 C:/ST/STM32CubeIDE_1.14.1/STM32CubeIDE/plugins/com.st.stm32cube.ide.mcu.externaltools.gnu-tools-for-stm32.11.3.rel1.win32_1.1.100.202309141235/tools/bin/../lib/gcc/arm-none-eabi/11.3.1/thumb/v7e-m+fp/hard/crtbegin.o
                [!provide]                        PROVIDE (__fini_array_end = .)
                0x00000000080063e8                . = ALIGN (0x4)
                0x00000000080063e8                _sidata = LOADADDR (.data)

.data           0x0000000020000000       0x3c load address 0x00000000080063e8
                0x0000000020000000                . = ALIGN (0x4)
                0x0000000020000000                _sdata = .
 *(.data)
 *(.data*)
 .data.TxAddress
                0x0000000020000000        0x5 ./Core/Src/main.o
                0x0000000020000000                TxAddress
 *fill*         0x0000000020000005        0x3 
 .data.input16  0x0000000020000008       0x20 ./Core/Src/main.o
                0x0000000020000008                input16
 .data.value    0x0000000020000028        0x2 ./Core/Src/main.o
                0x0000000020000028                value
 .data.direction
                0x000000002000002a        0x1 ./Core/Src/main.o
                0x000000002000002a                direction
 *fill*         0x000000002000002b        0x1 
 .data.speed    0x000000002000002c        0x4 ./Core/Src/main.o
                0x000000002000002c                speed
 .data.SystemCoreClock
                0x0000000020000030        0x4 ./Core/Src/system_stm32f3xx.o
                0x0000000020000030                SystemCoreClock
 .data.uwTickPrio
                0x0000000020000034        0x4 ./Drivers/STM32F3xx_HAL_Driver/Src/stm32f3xx_hal.o
                0x0000000020000034                uwTickPrio
 .data.uwTickFreq
                0x0000000020000038        0x1 ./Drivers/STM32F3xx_HAL_Driver/Src/stm32f3xx_hal.o
                0x0000000020000038                uwTickFreq
 *(.RamFunc)
 *(.RamFunc*)
                0x000000002000003c                . = ALIGN (0x4)
 *fill*         0x0000000020000039        0x3 
                0x000000002000003c                _edata = .
                0x0000000008006424                _siccmram = LOADADDR (.ccmram)

.igot.plt       0x000000002000003c        0x0 load address 0x0000000008006424
 .igot.plt      0x000000002000003c        0x0 C:/ST/STM32CubeIDE_1.14.1/STM32CubeIDE/plugins/com.st.stm32cube.ide.mcu.externaltools.gnu-tools-for-stm32.11.3.rel1.win32_1.1.100.202309141235/tools/bin/../lib/gcc/arm-none-eabi/11.3.1/thumb/v7e-m+fp/hard/crtbegin.o

.ccmram         0x0000000010000000        0x0 load address 0x0000000008006424
                0x0000000010000000                . = ALIGN (0x4)
                0x0000000010000000                _sccmram = .
 *(.ccmram)
 *(.ccmram*)
                0x0000000010000000                . = ALIGN (0x4)
                0x0000000010000000                _eccmram = .
                0x0000000010000000                . = ALIGN (0x4)

.bss            0x000000002000003c      0x304
                0x000000002000003c                _sbss = .
                0x000000002000003c                __bss_start__ = _sbss
 *(.bss)
 .bss           0x000000002000003c       0x1c C:/ST/STM32CubeIDE_1.14.1/STM32CubeIDE/plugins/com.st.stm32cube.ide.mcu.externaltools.gnu-tools-for-stm32.11.3.rel1.win32_1.1.100.202309141235/tools/bin/../lib/gcc/arm-none-eabi/11.3.1/thumb/v7e-m+fp/hard/crtbegin.o
 *(.bss*)
 .bss.output8   0x0000000020000058       0x20 ./Core/Src/main.o
                0x0000000020000058                output8
 .bss.ICValue   0x0000000020000078        0x4 ./Core/Src/main.o
                0x0000000020000078                ICValue
 .bss.Frequency
                0x000000002000007c        0x4 ./Core/Src/main.o
                0x000000002000007c                Frequency
 .bss.Duty      0x0000000020000080        0x4 ./Core/Src/main.o
                0x0000000020000080                Duty
 .bss.position  0x0000000020000084        0x4 ./Core/Src/main.o
                0x0000000020000084                position
 .bss.last_position
                0x0000000020000088        0x4 ./Core/Src/main.o
                0x0000000020000088                last_position
 .bss.hspi2     0x000000002000008c       0x64 ./Core/Src/spi.o
                0x000000002000008c                hspi2
 .bss.hspi3     0x00000000200000f0       0x64 ./Core/Src/spi.o
                0x00000000200000f0                hspi3
 .bss.hdma_spi2_tx
                0x0000000020000154       0x44 ./Core/Src/spi.o
                0x0000000020000154                hdma_spi2_tx
 .bss.hdma_spi2_rx
                0x0000000020000198       0x44 ./Core/Src/spi.o
                0x0000000020000198                hdma_spi2_rx
 .bss.hdma_spi3_rx
                0x00000000200001dc       0x44 ./Core/Src/spi.o
                0x00000000200001dc                hdma_spi3_rx
 .bss.hdma_spi3_tx
                0x0000000020000220       0x44 ./Core/Src/spi.o
                0x0000000020000220                hdma_spi3_tx
 .bss.htim2     0x0000000020000264       0x4c ./Core/Src/tim.o
                0x0000000020000264                htim2
 .bss.huart2    0x00000000200002b0       0x88 ./Core/Src/usart.o
                0x00000000200002b0                huart2
 .bss.spiDef    0x0000000020000338        0x4 ./Core/lib/AS5048A/AS5048A.o
                0x0000000020000338                spiDef
 .bss.uwTick    0x000000002000033c        0x4 ./Drivers/STM32F3xx_HAL_Driver/Src/stm32f3xx_hal.o
                0x000000002000033c                uwTick
 *(COMMON)
                0x0000000020000340                . = ALIGN (0x4)
                0x0000000020000340                _ebss = .
                0x0000000020000340                __bss_end__ = _ebss

._user_heap_stack
                0x0000000020000340      0x600
                0x0000000020000340                . = ALIGN (0x8)
                [!provide]                        PROVIDE (end = .)
                0x0000000020000340                PROVIDE (_end = .)
                0x0000000020000540                . = (. + _Min_Heap_Size)
 *fill*         0x0000000020000340      0x200 
                0x0000000020000940                . = (. + _Min_Stack_Size)
 *fill*         0x0000000020000540      0x400 
                0x0000000020000940                . = ALIGN (0x8)

/DISCARD/
 libc.a(*)
 libm.a(*)
 libgcc.a(*)

.ARM.attributes
                0x0000000000000000       0x30
 *(.ARM.attributes)
 .ARM.attributes
                0x0000000000000000       0x1e C:/ST/STM32CubeIDE_1.14.1/STM32CubeIDE/plugins/com.st.stm32cube.ide.mcu.externaltools.gnu-tools-for-stm32.11.3.rel1.win32_1.1.100.202309141235/tools/bin/../lib/gcc/arm-none-eabi/11.3.1/thumb/v7e-m+fp/hard/crti.o
 .ARM.attributes
                0x000000000000001e       0x34 C:/ST/STM32CubeIDE_1.14.1/STM32CubeIDE/plugins/com.st.stm32cube.ide.mcu.externaltools.gnu-tools-for-stm32.11.3.rel1.win32_1.1.100.202309141235/tools/bin/../lib/gcc/arm-none-eabi/11.3.1/thumb/v7e-m+fp/hard/crtbegin.o
 .ARM.attributes
                0x0000000000000052       0x34 ./Core/Src/dma.o
 .ARM.attributes
                0x0000000000000086       0x34 ./Core/Src/gpio.o
 .ARM.attributes
                0x00000000000000ba       0x34 ./Core/Src/main.o
 .ARM.attributes
                0x00000000000000ee       0x34 ./Core/Src/spi.o
 .ARM.attributes
                0x0000000000000122       0x34 ./Core/Src/stm32f3xx_hal_msp.o
 .ARM.attributes
                0x0000000000000156       0x34 ./Core/Src/stm32f3xx_it.o
 .ARM.attributes
                0x000000000000018a       0x34 ./Core/Src/system_stm32f3xx.o
 .ARM.attributes
                0x00000000000001be       0x34 ./Core/Src/tim.o
 .ARM.attributes
                0x00000000000001f2       0x34 ./Core/Src/usart.o
 .ARM.attributes
                0x0000000000000226       0x21 ./Core/Startup/startup_stm32f303retx.o
 .ARM.attributes
                0x0000000000000247       0x34 ./Core/lib/AS5048A/AS5048A.o
 .ARM.attributes
                0x000000000000027b       0x34 ./Core/lib/nRF24/NRF24L01.o
 .ARM.attributes
                0x00000000000002af       0x34 ./Drivers/STM32F3xx_HAL_Driver/Src/stm32f3xx_hal.o
 .ARM.attributes
                0x00000000000002e3       0x34 ./Drivers/STM32F3xx_HAL_Driver/Src/stm32f3xx_hal_cortex.o
 .ARM.attributes
                0x0000000000000317       0x34 ./Drivers/STM32F3xx_HAL_Driver/Src/stm32f3xx_hal_dma.o
 .ARM.attributes
                0x000000000000034b       0x34 ./Drivers/STM32F3xx_HAL_Driver/Src/stm32f3xx_hal_gpio.o
 .ARM.attributes
                0x000000000000037f       0x34 ./Drivers/STM32F3xx_HAL_Driver/Src/stm32f3xx_hal_rcc.o
 .ARM.attributes
                0x00000000000003b3       0x34 ./Drivers/STM32F3xx_HAL_Driver/Src/stm32f3xx_hal_rcc_ex.o
 .ARM.attributes
                0x00000000000003e7       0x34 ./Drivers/STM32F3xx_HAL_Driver/Src/stm32f3xx_hal_spi.o
 .ARM.attributes
                0x000000000000041b       0x34 ./Drivers/STM32F3xx_HAL_Driver/Src/stm32f3xx_hal_tim.o
 .ARM.attributes
                0x000000000000044f       0x34 ./Drivers/STM32F3xx_HAL_Driver/Src/stm32f3xx_hal_tim_ex.o
 .ARM.attributes
                0x0000000000000483       0x34 ./Drivers/STM32F3xx_HAL_Driver/Src/stm32f3xx_hal_uart.o
 .ARM.attributes
                0x00000000000004b7       0x34 C:/ST/STM32CubeIDE_1.14.1/STM32CubeIDE/plugins/com.st.stm32cube.ide.mcu.externaltools.gnu-tools-for-stm32.11.3.rel1.win32_1.1.100.202309141235/tools/bin/../lib/gcc/arm-none-eabi/11.3.1/../../../../arm-none-eabi/lib/thumb/v7e-m+fp/hard\libc_nano.a(libc_a-memset.o)
 .ARM.attributes
                0x00000000000004eb       0x34 C:/ST/STM32CubeIDE_1.14.1/STM32CubeIDE/plugins/com.st.stm32cube.ide.mcu.externaltools.gnu-tools-for-stm32.11.3.rel1.win32_1.1.100.202309141235/tools/bin/../lib/gcc/arm-none-eabi/11.3.1/../../../../arm-none-eabi/lib/thumb/v7e-m+fp/hard\libc_nano.a(libc_a-init.o)
 .ARM.attributes
                0x000000000000051f       0x1e C:/ST/STM32CubeIDE_1.14.1/STM32CubeIDE/plugins/com.st.stm32cube.ide.mcu.externaltools.gnu-tools-for-stm32.11.3.rel1.win32_1.1.100.202309141235/tools/bin/../lib/gcc/arm-none-eabi/11.3.1/thumb/v7e-m+fp/hard/crtn.o
OUTPUT(WheelWirelessTransmiter_F303RE.elf elf32-littlearm)
LOAD linker stubs
LOAD C:/ST/STM32CubeIDE_1.14.1/STM32CubeIDE/plugins/com.st.stm32cube.ide.mcu.externaltools.gnu-tools-for-stm32.11.3.rel1.win32_1.1.100.202309141235/tools/bin/../lib/gcc/arm-none-eabi/11.3.1/../../../../arm-none-eabi/lib/thumb/v7e-m+fp/hard\libc.a
LOAD C:/ST/STM32CubeIDE_1.14.1/STM32CubeIDE/plugins/com.st.stm32cube.ide.mcu.externaltools.gnu-tools-for-stm32.11.3.rel1.win32_1.1.100.202309141235/tools/bin/../lib/gcc/arm-none-eabi/11.3.1/../../../../arm-none-eabi/lib/thumb/v7e-m+fp/hard\libm.a
LOAD C:/ST/STM32CubeIDE_1.14.1/STM32CubeIDE/plugins/com.st.stm32cube.ide.mcu.externaltools.gnu-tools-for-stm32.11.3.rel1.win32_1.1.100.202309141235/tools/bin/../lib/gcc/arm-none-eabi/11.3.1/thumb/v7e-m+fp/hard\libgcc.a

.comment        0x0000000000000000       0x43
 .comment       0x0000000000000000       0x43 C:/ST/STM32CubeIDE_1.14.1/STM32CubeIDE/plugins/com.st.stm32cube.ide.mcu.externaltools.gnu-tools-for-stm32.11.3.rel1.win32_1.1.100.202309141235/tools/bin/../lib/gcc/arm-none-eabi/11.3.1/thumb/v7e-m+fp/hard/crtbegin.o
                                         0x44 (size before relaxing)
 .comment       0x0000000000000043       0x44 ./Core/Src/dma.o
 .comment       0x0000000000000043       0x44 ./Core/Src/gpio.o
 .comment       0x0000000000000043       0x44 ./Core/Src/main.o
 .comment       0x0000000000000043       0x44 ./Core/Src/spi.o
 .comment       0x0000000000000043       0x44 ./Core/Src/stm32f3xx_hal_msp.o
 .comment       0x0000000000000043       0x44 ./Core/Src/stm32f3xx_it.o
 .comment       0x0000000000000043       0x44 ./Core/Src/system_stm32f3xx.o
 .comment       0x0000000000000043       0x44 ./Core/Src/tim.o
 .comment       0x0000000000000043       0x44 ./Core/Src/usart.o
 .comment       0x0000000000000043       0x44 ./Core/lib/AS5048A/AS5048A.o
 .comment       0x0000000000000043       0x44 ./Core/lib/nRF24/NRF24L01.o
 .comment       0x0000000000000043       0x44 ./Drivers/STM32F3xx_HAL_Driver/Src/stm32f3xx_hal.o
 .comment       0x0000000000000043       0x44 ./Drivers/STM32F3xx_HAL_Driver/Src/stm32f3xx_hal_cortex.o
 .comment       0x0000000000000043       0x44 ./Drivers/STM32F3xx_HAL_Driver/Src/stm32f3xx_hal_dma.o
 .comment       0x0000000000000043       0x44 ./Drivers/STM32F3xx_HAL_Driver/Src/stm32f3xx_hal_gpio.o
 .comment       0x0000000000000043       0x44 ./Drivers/STM32F3xx_HAL_Driver/Src/stm32f3xx_hal_rcc.o
 .comment       0x0000000000000043       0x44 ./Drivers/STM32F3xx_HAL_Driver/Src/stm32f3xx_hal_rcc_ex.o
 .comment       0x0000000000000043       0x44 ./Drivers/STM32F3xx_HAL_Driver/Src/stm32f3xx_hal_spi.o
 .comment       0x0000000000000043       0x44 ./Drivers/STM32F3xx_HAL_Driver/Src/stm32f3xx_hal_tim.o
 .comment       0x0000000000000043       0x44 ./Drivers/STM32F3xx_HAL_Driver/Src/stm32f3xx_hal_tim_ex.o
 .comment       0x0000000000000043       0x44 ./Drivers/STM32F3xx_HAL_Driver/Src/stm32f3xx_hal_uart.o

.debug_info     0x0000000000000000    0x12a91
 .debug_info    0x0000000000000000      0x3c6 ./Core/Src/dma.o
 .debug_info    0x00000000000003c6      0x359 ./Core/Src/gpio.o
 .debug_info    0x000000000000071f     0x11a9 ./Core/Src/main.o
 .debug_info    0x00000000000018c8      0xb6a ./Core/Src/spi.o
 .debug_info    0x0000000000002432      0x1a0 ./Core/Src/stm32f3xx_hal_msp.o
 .debug_info    0x00000000000025d2      0xa75 ./Core/Src/stm32f3xx_it.o
 .debug_info    0x0000000000003047      0x407 ./Core/Src/system_stm32f3xx.o
 .debug_info    0x000000000000344e      0xdba ./Core/Src/tim.o
 .debug_info    0x0000000000004208      0x91d ./Core/Src/usart.o
 .debug_info    0x0000000000004b25       0x23 ./Core/Startup/startup_stm32f303retx.o
 .debug_info    0x0000000000004b48      0x7e8 ./Core/lib/AS5048A/AS5048A.o
 .debug_info    0x0000000000005330      0xa66 ./Core/lib/nRF24/NRF24L01.o
 .debug_info    0x0000000000005d96      0x804 ./Drivers/STM32F3xx_HAL_Driver/Src/stm32f3xx_hal.o
 .debug_info    0x000000000000659a      0xd14 ./Drivers/STM32F3xx_HAL_Driver/Src/stm32f3xx_hal_cortex.o
 .debug_info    0x00000000000072ae      0x6e1 ./Drivers/STM32F3xx_HAL_Driver/Src/stm32f3xx_hal_dma.o
 .debug_info    0x000000000000798f      0x6a6 ./Drivers/STM32F3xx_HAL_Driver/Src/stm32f3xx_hal_gpio.o
 .debug_info    0x0000000000008035     0x149a ./Drivers/STM32F3xx_HAL_Driver/Src/stm32f3xx_hal_rcc.o
 .debug_info    0x00000000000094cf      0x61b ./Drivers/STM32F3xx_HAL_Driver/Src/stm32f3xx_hal_rcc_ex.o
 .debug_info    0x0000000000009aea     0x1622 ./Drivers/STM32F3xx_HAL_Driver/Src/stm32f3xx_hal_spi.o
 .debug_info    0x000000000000b10c     0x2a70 ./Drivers/STM32F3xx_HAL_Driver/Src/stm32f3xx_hal_tim.o
 .debug_info    0x000000000000db7c     0x156d ./Drivers/STM32F3xx_HAL_Driver/Src/stm32f3xx_hal_tim_ex.o
 .debug_info    0x000000000000f0e9     0x39a8 ./Drivers/STM32F3xx_HAL_Driver/Src/stm32f3xx_hal_uart.o

.debug_abbrev   0x0000000000000000     0x2c4d
 .debug_abbrev  0x0000000000000000      0x109 ./Core/Src/dma.o
 .debug_abbrev  0x0000000000000109      0x151 ./Core/Src/gpio.o
 .debug_abbrev  0x000000000000025a      0x33e ./Core/Src/main.o
 .debug_abbrev  0x0000000000000598      0x213 ./Core/Src/spi.o
 .debug_abbrev  0x00000000000007ab       0xe2 ./Core/Src/stm32f3xx_hal_msp.o
 .debug_abbrev  0x000000000000088d      0x1c2 ./Core/Src/stm32f3xx_it.o
 .debug_abbrev  0x0000000000000a4f      0x11a ./Core/Src/system_stm32f3xx.o
 .debug_abbrev  0x0000000000000b69      0x210 ./Core/Src/tim.o
 .debug_abbrev  0x0000000000000d79      0x1f5 ./Core/Src/usart.o
 .debug_abbrev  0x0000000000000f6e       0x12 ./Core/Startup/startup_stm32f303retx.o
 .debug_abbrev  0x0000000000000f80      0x1e6 ./Core/lib/AS5048A/AS5048A.o
 .debug_abbrev  0x0000000000001166      0x287 ./Core/lib/nRF24/NRF24L01.o
 .debug_abbrev  0x00000000000013ed      0x215 ./Drivers/STM32F3xx_HAL_Driver/Src/stm32f3xx_hal.o
 .debug_abbrev  0x0000000000001602      0x31e ./Drivers/STM32F3xx_HAL_Driver/Src/stm32f3xx_hal_cortex.o
 .debug_abbrev  0x0000000000001920      0x20d ./Drivers/STM32F3xx_HAL_Driver/Src/stm32f3xx_hal_dma.o
 .debug_abbrev  0x0000000000001b2d      0x1ca ./Drivers/STM32F3xx_HAL_Driver/Src/stm32f3xx_hal_gpio.o
 .debug_abbrev  0x0000000000001cf7      0x300 ./Drivers/STM32F3xx_HAL_Driver/Src/stm32f3xx_hal_rcc.o
 .debug_abbrev  0x0000000000001ff7      0x221 ./Drivers/STM32F3xx_HAL_Driver/Src/stm32f3xx_hal_rcc_ex.o
 .debug_abbrev  0x0000000000002218      0x269 ./Drivers/STM32F3xx_HAL_Driver/Src/stm32f3xx_hal_spi.o
 .debug_abbrev  0x0000000000002481      0x278 ./Drivers/STM32F3xx_HAL_Driver/Src/stm32f3xx_hal_tim.o
 .debug_abbrev  0x00000000000026f9      0x283 ./Drivers/STM32F3xx_HAL_Driver/Src/stm32f3xx_hal_tim_ex.o
 .debug_abbrev  0x000000000000297c      0x2d1 ./Drivers/STM32F3xx_HAL_Driver/Src/stm32f3xx_hal_uart.o

.debug_aranges  0x0000000000000000     0x1020
 .debug_aranges
                0x0000000000000000       0x20 ./Core/Src/dma.o
 .debug_aranges
                0x0000000000000020       0x20 ./Core/Src/gpio.o
 .debug_aranges
                0x0000000000000040       0x68 ./Core/Src/main.o
 .debug_aranges
                0x00000000000000a8       0x38 ./Core/Src/spi.o
 .debug_aranges
                0x00000000000000e0       0x20 ./Core/Src/stm32f3xx_hal_msp.o
 .debug_aranges
                0x0000000000000100       0x98 ./Core/Src/stm32f3xx_it.o
 .debug_aranges
                0x0000000000000198       0x28 ./Core/Src/system_stm32f3xx.o
 .debug_aranges
                0x00000000000001c0       0x30 ./Core/Src/tim.o
 .debug_aranges
                0x00000000000001f0       0x30 ./Core/Src/usart.o
 .debug_aranges
                0x0000000000000220       0x28 ./Core/Startup/startup_stm32f303retx.o
 .debug_aranges
                0x0000000000000248       0x38 ./Core/lib/AS5048A/AS5048A.o
 .debug_aranges
                0x0000000000000280       0xa0 ./Core/lib/nRF24/NRF24L01.o
 .debug_aranges
                0x0000000000000320       0xe0 ./Drivers/STM32F3xx_HAL_Driver/Src/stm32f3xx_hal.o
 .debug_aranges
                0x0000000000000400      0x128 ./Drivers/STM32F3xx_HAL_Driver/Src/stm32f3xx_hal_cortex.o
 .debug_aranges
                0x0000000000000528       0x88 ./Drivers/STM32F3xx_HAL_Driver/Src/stm32f3xx_hal_dma.o
 .debug_aranges
                0x00000000000005b0       0x58 ./Drivers/STM32F3xx_HAL_Driver/Src/stm32f3xx_hal_gpio.o
 .debug_aranges
                0x0000000000000608       0x88 ./Drivers/STM32F3xx_HAL_Driver/Src/stm32f3xx_hal_rcc.o
 .debug_aranges
                0x0000000000000690       0x38 ./Drivers/STM32F3xx_HAL_Driver/Src/stm32f3xx_hal_rcc_ex.o
 .debug_aranges
                0x00000000000006c8      0x1d8 ./Drivers/STM32F3xx_HAL_Driver/Src/stm32f3xx_hal_spi.o
 .debug_aranges
                0x00000000000008a0      0x3e0 ./Drivers/STM32F3xx_HAL_Driver/Src/stm32f3xx_hal_tim.o
 .debug_aranges
                0x0000000000000c80      0x178 ./Drivers/STM32F3xx_HAL_Driver/Src/stm32f3xx_hal_tim_ex.o
 .debug_aranges
                0x0000000000000df8      0x228 ./Drivers/STM32F3xx_HAL_Driver/Src/stm32f3xx_hal_uart.o

.debug_rnglists
                0x0000000000000000      0xc89
 .debug_rnglists
                0x0000000000000000       0x14 ./Core/Src/dma.o
 .debug_rnglists
                0x0000000000000014       0x14 ./Core/Src/gpio.o
 .debug_rnglists
                0x0000000000000028       0x4c ./Core/Src/main.o
 .debug_rnglists
                0x0000000000000074       0x27 ./Core/Src/spi.o
 .debug_rnglists
                0x000000000000009b       0x13 ./Core/Src/stm32f3xx_hal_msp.o
 .debug_rnglists
                0x00000000000000ae       0x6d ./Core/Src/stm32f3xx_it.o
 .debug_rnglists
                0x000000000000011b       0x1a ./Core/Src/system_stm32f3xx.o
 .debug_rnglists
                0x0000000000000135       0x21 ./Core/Src/tim.o
 .debug_rnglists
                0x0000000000000156       0x20 ./Core/Src/usart.o
 .debug_rnglists
                0x0000000000000176       0x19 ./Core/Startup/startup_stm32f303retx.o
 .debug_rnglists
                0x000000000000018f       0x26 ./Core/lib/AS5048A/AS5048A.o
 .debug_rnglists
                0x00000000000001b5       0x75 ./Core/lib/nRF24/NRF24L01.o
 .debug_rnglists
                0x000000000000022a       0xa3 ./Drivers/STM32F3xx_HAL_Driver/Src/stm32f3xx_hal.o
 .debug_rnglists
                0x00000000000002cd       0xda ./Drivers/STM32F3xx_HAL_Driver/Src/stm32f3xx_hal_cortex.o
 .debug_rnglists
                0x00000000000003a7       0x69 ./Drivers/STM32F3xx_HAL_Driver/Src/stm32f3xx_hal_dma.o
 .debug_rnglists
                0x0000000000000410       0x3f ./Drivers/STM32F3xx_HAL_Driver/Src/stm32f3xx_hal_gpio.o
 .debug_rnglists
                0x000000000000044f       0x66 ./Drivers/STM32F3xx_HAL_Driver/Src/stm32f3xx_hal_rcc.o
 .debug_rnglists
                0x00000000000004b5       0x29 ./Drivers/STM32F3xx_HAL_Driver/Src/stm32f3xx_hal_rcc_ex.o
 .debug_rnglists
                0x00000000000004de      0x178 ./Drivers/STM32F3xx_HAL_Driver/Src/stm32f3xx_hal_spi.o
 .debug_rnglists
                0x0000000000000656      0x328 ./Drivers/STM32F3xx_HAL_Driver/Src/stm32f3xx_hal_tim.o
 .debug_rnglists
                0x000000000000097e      0x131 ./Drivers/STM32F3xx_HAL_Driver/Src/stm32f3xx_hal_tim_ex.o
 .debug_rnglists
                0x0000000000000aaf      0x1da ./Drivers/STM32F3xx_HAL_Driver/Src/stm32f3xx_hal_uart.o

.debug_macro    0x0000000000000000    0x21eba
 .debug_macro   0x0000000000000000      0x205 ./Core/Src/dma.o
 .debug_macro   0x0000000000000205      0xaa8 ./Core/Src/dma.o
 .debug_macro   0x0000000000000cad      0x15d ./Core/Src/dma.o
 .debug_macro   0x0000000000000e0a       0x2e ./Core/Src/dma.o
 .debug_macro   0x0000000000000e38       0x28 ./Core/Src/dma.o
 .debug_macro   0x0000000000000e60       0x22 ./Core/Src/dma.o
 .debug_macro   0x0000000000000e82       0x8e ./Core/Src/dma.o
 .debug_macro   0x0000000000000f10       0x51 ./Core/Src/dma.o
 .debug_macro   0x0000000000000f61      0x103 ./Core/Src/dma.o
 .debug_macro   0x0000000000001064       0x6a ./Core/Src/dma.o
 .debug_macro   0x00000000000010ce      0x1df ./Core/Src/dma.o
 .debug_macro   0x00000000000012ad       0x1c ./Core/Src/dma.o
 .debug_macro   0x00000000000012c9       0x22 ./Core/Src/dma.o
 .debug_macro   0x00000000000012eb       0xd9 ./Core/Src/dma.o
 .debug_macro   0x00000000000013c4     0x102d ./Core/Src/dma.o
 .debug_macro   0x00000000000023f1      0x11f ./Core/Src/dma.o
 .debug_macro   0x0000000000002510    0x1535a ./Core/Src/dma.o
 .debug_macro   0x000000000001786a       0x6d ./Core/Src/dma.o
 .debug_macro   0x00000000000178d7     0x3574 ./Core/Src/dma.o
 .debug_macro   0x000000000001ae4b      0x174 ./Core/Src/dma.o
 .debug_macro   0x000000000001afbf       0x55 ./Core/Src/dma.o
 .debug_macro   0x000000000001b014      0x953 ./Core/Src/dma.o
 .debug_macro   0x000000000001b967      0x84a ./Core/Src/dma.o
 .debug_macro   0x000000000001c1b1      0x1b5 ./Core/Src/dma.o
 .debug_macro   0x000000000001c366      0x23a ./Core/Src/dma.o
 .debug_macro   0x000000000001c5a0      0x1ea ./Core/Src/dma.o
 .debug_macro   0x000000000001c78a      0x1bc ./Core/Src/dma.o
 .debug_macro   0x000000000001c946       0x30 ./Core/Src/dma.o
 .debug_macro   0x000000000001c976       0x3c ./Core/Src/dma.o
 .debug_macro   0x000000000001c9b2      0x235 ./Core/Src/dma.o
 .debug_macro   0x000000000001cbe7       0xc5 ./Core/Src/dma.o
 .debug_macro   0x000000000001ccac      0x21d ./Core/Src/dma.o
 .debug_macro   0x000000000001cec9      0x22c ./Core/Src/dma.o
 .debug_macro   0x000000000001d0f5       0x5b ./Core/Src/dma.o
 .debug_macro   0x000000000001d150       0xa5 ./Core/Src/dma.o
 .debug_macro   0x000000000001d1f5       0x81 ./Core/Src/dma.o
 .debug_macro   0x000000000001d276       0xd3 ./Core/Src/dma.o
 .debug_macro   0x000000000001d349      0x2fe ./Core/Src/dma.o
 .debug_macro   0x000000000001d647      0xa60 ./Core/Src/dma.o
 .debug_macro   0x000000000001e0a7       0xba ./Core/Src/dma.o
 .debug_macro   0x000000000001e161      0x5ba ./Core/Src/dma.o
 .debug_macro   0x000000000001e71b       0x44 ./Core/Src/dma.o
 .debug_macro   0x000000000001e75f      0x347 ./Core/Src/dma.o
 .debug_macro   0x000000000001eaa6       0x7c ./Core/Src/dma.o
 .debug_macro   0x000000000001eb22      0x205 ./Core/Src/gpio.o
 .debug_macro   0x000000000001ed27      0x2f4 ./Core/Src/main.o
 .debug_macro   0x000000000001f01b       0xee ./Core/Src/main.o
 .debug_macro   0x000000000001f109       0x61 ./Core/Src/main.o
 .debug_macro   0x000000000001f16a       0x2a ./Core/Src/main.o
 .debug_macro   0x000000000001f194       0x43 ./Core/Src/main.o
 .debug_macro   0x000000000001f1d7       0x34 ./Core/Src/main.o
 .debug_macro   0x000000000001f20b       0x16 ./Core/Src/main.o
 .debug_macro   0x000000000001f221       0x43 ./Core/Src/main.o
 .debug_macro   0x000000000001f264       0x34 ./Core/Src/main.o
 .debug_macro   0x000000000001f298       0x10 ./Core/Src/main.o
 .debug_macro   0x000000000001f2a8       0x58 ./Core/Src/main.o
 .debug_macro   0x000000000001f300       0x8e ./Core/Src/main.o
 .debug_macro   0x000000000001f38e       0x1c ./Core/Src/main.o
 .debug_macro   0x000000000001f3aa      0x177 ./Core/Src/main.o
 .debug_macro   0x000000000001f521      0x369 ./Core/Src/main.o
 .debug_macro   0x000000000001f88a      0x19b ./Core/Src/main.o
 .debug_macro   0x000000000001fa25       0x28 ./Core/Src/main.o
 .debug_macro   0x000000000001fa4d      0x205 ./Core/Src/spi.o
 .debug_macro   0x000000000001fc52      0x1fb ./Core/Src/stm32f3xx_hal_msp.o
 .debug_macro   0x000000000001fe4d      0x205 ./Core/Src/stm32f3xx_it.o
 .debug_macro   0x0000000000020052      0x1ec ./Core/Src/system_stm32f3xx.o
 .debug_macro   0x000000000002023e      0x205 ./Core/Src/tim.o
 .debug_macro   0x0000000000020443      0x205 ./Core/Src/usart.o
 .debug_macro   0x0000000000020648      0x2b2 ./Core/lib/AS5048A/AS5048A.o
 .debug_macro   0x00000000000208fa      0x213 ./Core/lib/nRF24/NRF24L01.o
 .debug_macro   0x0000000000020b0d      0x210 ./Drivers/STM32F3xx_HAL_Driver/Src/stm32f3xx_hal.o
 .debug_macro   0x0000000000020d1d      0x1ec ./Drivers/STM32F3xx_HAL_Driver/Src/stm32f3xx_hal_cortex.o
 .debug_macro   0x0000000000020f09      0x1ec ./Drivers/STM32F3xx_HAL_Driver/Src/stm32f3xx_hal_dma.o
 .debug_macro   0x00000000000210f5      0x1f3 ./Drivers/STM32F3xx_HAL_Driver/Src/stm32f3xx_hal_gpio.o
 .debug_macro   0x00000000000212e8      0x210 ./Drivers/STM32F3xx_HAL_Driver/Src/stm32f3xx_hal_rcc.o
 .debug_macro   0x00000000000214f8      0x1ec ./Drivers/STM32F3xx_HAL_Driver/Src/stm32f3xx_hal_rcc_ex.o
 .debug_macro   0x00000000000216e4      0x1f4 ./Drivers/STM32F3xx_HAL_Driver/Src/stm32f3xx_hal_spi.o
 .debug_macro   0x00000000000218d8      0x1ed ./Drivers/STM32F3xx_HAL_Driver/Src/stm32f3xx_hal_tim.o
 .debug_macro   0x0000000000021ac5      0x1ec ./Drivers/STM32F3xx_HAL_Driver/Src/stm32f3xx_hal_tim_ex.o
 .debug_macro   0x0000000000021cb1      0x209 ./Drivers/STM32F3xx_HAL_Driver/Src/stm32f3xx_hal_uart.o

.debug_line     0x0000000000000000    0x163bb
 .debug_line    0x0000000000000000      0x7ad ./Core/Src/dma.o
 .debug_line    0x00000000000007ad      0x7eb ./Core/Src/gpio.o
 .debug_line    0x0000000000000f98      0xca8 ./Core/Src/main.o
 .debug_line    0x0000000000001c40      0x932 ./Core/Src/spi.o
 .debug_line    0x0000000000002572      0x7ac ./Core/Src/stm32f3xx_hal_msp.o
 .debug_line    0x0000000000002d1e      0x915 ./Core/Src/stm32f3xx_it.o
 .debug_line    0x0000000000003633      0x826 ./Core/Src/system_stm32f3xx.o
 .debug_line    0x0000000000003e59      0x872 ./Core/Src/tim.o
 .debug_line    0x00000000000046cb      0x81a ./Core/Src/usart.o
 .debug_line    0x0000000000004ee5       0x7a ./Core/Startup/startup_stm32f303retx.o
 .debug_line    0x0000000000004f5f      0x954 ./Core/lib/AS5048A/AS5048A.o
 .debug_line    0x00000000000058b3      0xaaa ./Core/lib/nRF24/NRF24L01.o
 .debug_line    0x000000000000635d      0xa56 ./Drivers/STM32F3xx_HAL_Driver/Src/stm32f3xx_hal.o
 .debug_line    0x0000000000006db3      0xd49 ./Drivers/STM32F3xx_HAL_Driver/Src/stm32f3xx_hal_cortex.o
 .debug_line    0x0000000000007afc      0xd6a ./Drivers/STM32F3xx_HAL_Driver/Src/stm32f3xx_hal_dma.o
 .debug_line    0x0000000000008866      0xbdd ./Drivers/STM32F3xx_HAL_Driver/Src/stm32f3xx_hal_gpio.o
 .debug_line    0x0000000000009443     0x1408 ./Drivers/STM32F3xx_HAL_Driver/Src/stm32f3xx_hal_rcc.o
 .debug_line    0x000000000000a84b      0xf44 ./Drivers/STM32F3xx_HAL_Driver/Src/stm32f3xx_hal_rcc_ex.o
 .debug_line    0x000000000000b78f     0x2008 ./Drivers/STM32F3xx_HAL_Driver/Src/stm32f3xx_hal_spi.o
 .debug_line    0x000000000000d797     0x3f02 ./Drivers/STM32F3xx_HAL_Driver/Src/stm32f3xx_hal_tim.o
 .debug_line    0x0000000000011699     0x1b7a ./Drivers/STM32F3xx_HAL_Driver/Src/stm32f3xx_hal_tim_ex.o
 .debug_line    0x0000000000013213     0x31a8 ./Drivers/STM32F3xx_HAL_Driver/Src/stm32f3xx_hal_uart.o

.debug_str      0x0000000000000000    0xccb2e
 .debug_str     0x0000000000000000    0xc4a10 ./Core/Src/dma.o
                                      0xc51dd (size before relaxing)
 .debug_str     0x00000000000c4a10       0xe3 ./Core/Src/gpio.o
                                      0xc4ddc (size before relaxing)
 .debug_str     0x00000000000c4af3     0x483a ./Core/Src/main.o
                                      0xc962c (size before relaxing)
 .debug_str     0x00000000000c932d       0xbf ./Core/Src/spi.o
                                      0xc5754 (size before relaxing)
 .debug_str     0x00000000000c93ec       0x49 ./Core/Src/stm32f3xx_hal_msp.o
                                      0xc4d2e (size before relaxing)
 .debug_str     0x00000000000c9435      0x196 ./Core/Src/stm32f3xx_it.o
                                      0xc557a (size before relaxing)
 .debug_str     0x00000000000c95cb       0xe9 ./Core/Src/system_stm32f3xx.o
                                      0xc4c1c (size before relaxing)
 .debug_str     0x00000000000c96b4      0x203 ./Core/Src/tim.o
                                      0xc5a22 (size before relaxing)
 .debug_str     0x00000000000c98b7      0x21f ./Core/Src/usart.o
                                      0xc5264 (size before relaxing)
 .debug_str     0x00000000000c9ad6       0x34 ./Core/Startup/startup_stm32f303retx.o
                                         0x7b (size before relaxing)
 .debug_str     0x00000000000c9b0a       0xf6 ./Core/lib/AS5048A/AS5048A.o
                                      0xc8a48 (size before relaxing)
 .debug_str     0x00000000000c9c00      0x1bf ./Core/lib/nRF24/NRF24L01.o
                                      0xc53c1 (size before relaxing)
 .debug_str     0x00000000000c9dbf      0x364 ./Drivers/STM32F3xx_HAL_Driver/Src/stm32f3xx_hal.o
                                      0xc54c5 (size before relaxing)
 .debug_str     0x00000000000ca123      0x36c ./Drivers/STM32F3xx_HAL_Driver/Src/stm32f3xx_hal_cortex.o
                                      0xc5549 (size before relaxing)
 .debug_str     0x00000000000ca48f      0x219 ./Drivers/STM32F3xx_HAL_Driver/Src/stm32f3xx_hal_dma.o
                                      0xc4f64 (size before relaxing)
 .debug_str     0x00000000000ca6a8      0x17c ./Drivers/STM32F3xx_HAL_Driver/Src/stm32f3xx_hal_gpio.o
                                      0xc4e01 (size before relaxing)
 .debug_str     0x00000000000ca824      0x2d6 ./Drivers/STM32F3xx_HAL_Driver/Src/stm32f3xx_hal_rcc.o
                                      0xc50c0 (size before relaxing)
 .debug_str     0x00000000000caafa       0xbe ./Drivers/STM32F3xx_HAL_Driver/Src/stm32f3xx_hal_rcc_ex.o
                                      0xc4f0a (size before relaxing)
 .debug_str     0x00000000000cabb8      0x541 ./Drivers/STM32F3xx_HAL_Driver/Src/stm32f3xx_hal_spi.o
                                      0xc5542 (size before relaxing)
 .debug_str     0x00000000000cb0f9      0xd0c ./Drivers/STM32F3xx_HAL_Driver/Src/stm32f3xx_hal_tim.o
                                      0xc6053 (size before relaxing)
 .debug_str     0x00000000000cbe05      0x4dc ./Drivers/STM32F3xx_HAL_Driver/Src/stm32f3xx_hal_tim_ex.o
                                      0xc5899 (size before relaxing)
 .debug_str     0x00000000000cc2e1      0x84d ./Drivers/STM32F3xx_HAL_Driver/Src/stm32f3xx_hal_uart.o
                                      0xc593f (size before relaxing)

.debug_frame    0x0000000000000000     0x4228
 .debug_frame   0x0000000000000000       0x34 ./Core/Src/dma.o
 .debug_frame   0x0000000000000034       0x34 ./Core/Src/gpio.o
 .debug_frame   0x0000000000000068      0x180 ./Core/Src/main.o
 .debug_frame   0x00000000000001e8       0x94 ./Core/Src/spi.o
 .debug_frame   0x000000000000027c       0x34 ./Core/Src/stm32f3xx_hal_msp.o
 .debug_frame   0x00000000000002b0      0x1c8 ./Core/Src/stm32f3xx_it.o
 .debug_frame   0x0000000000000478       0x58 ./Core/Src/system_stm32f3xx.o
 .debug_frame   0x00000000000004d0       0x7c ./Core/Src/tim.o
 .debug_frame   0x000000000000054c       0x74 ./Core/Src/usart.o
 .debug_frame   0x00000000000005c0       0x94 ./Core/lib/AS5048A/AS5048A.o
 .debug_frame   0x0000000000000654      0x250 ./Core/lib/nRF24/NRF24L01.o
 .debug_frame   0x00000000000008a4      0x334 ./Drivers/STM32F3xx_HAL_Driver/Src/stm32f3xx_hal.o
 .debug_frame   0x0000000000000bd8      0x4e8 ./Drivers/STM32F3xx_HAL_Driver/Src/stm32f3xx_hal_cortex.o
 .debug_frame   0x00000000000010c0      0x224 ./Drivers/STM32F3xx_HAL_Driver/Src/stm32f3xx_hal_dma.o
 .debug_frame   0x00000000000012e4      0x14c ./Drivers/STM32F3xx_HAL_Driver/Src/stm32f3xx_hal_gpio.o
 .debug_frame   0x0000000000001430      0x214 ./Drivers/STM32F3xx_HAL_Driver/Src/stm32f3xx_hal_rcc.o
 .debug_frame   0x0000000000001644       0xb0 ./Drivers/STM32F3xx_HAL_Driver/Src/stm32f3xx_hal_rcc_ex.o
 .debug_frame   0x00000000000016f4      0x860 ./Drivers/STM32F3xx_HAL_Driver/Src/stm32f3xx_hal_spi.o
 .debug_frame   0x0000000000001f54     0x1218 ./Drivers/STM32F3xx_HAL_Driver/Src/stm32f3xx_hal_tim.o
 .debug_frame   0x000000000000316c      0x688 ./Drivers/STM32F3xx_HAL_Driver/Src/stm32f3xx_hal_tim_ex.o
 .debug_frame   0x00000000000037f4      0x9e8 ./Drivers/STM32F3xx_HAL_Driver/Src/stm32f3xx_hal_uart.o
 .debug_frame   0x00000000000041dc       0x20 C:/ST/STM32CubeIDE_1.14.1/STM32CubeIDE/plugins/com.st.stm32cube.ide.mcu.externaltools.gnu-tools-for-stm32.11.3.rel1.win32_1.1.100.202309141235/tools/bin/../lib/gcc/arm-none-eabi/11.3.1/../../../../arm-none-eabi/lib/thumb/v7e-m+fp/hard\libc_nano.a(libc_a-memset.o)
 .debug_frame   0x00000000000041fc       0x2c C:/ST/STM32CubeIDE_1.14.1/STM32CubeIDE/plugins/com.st.stm32cube.ide.mcu.externaltools.gnu-tools-for-stm32.11.3.rel1.win32_1.1.100.202309141235/tools/bin/../lib/gcc/arm-none-eabi/11.3.1/../../../../arm-none-eabi/lib/thumb/v7e-m+fp/hard\libc_nano.a(libc_a-init.o)

.debug_line_str
                0x0000000000000000       0x6f
 .debug_line_str
                0x0000000000000000       0x6f ./Core/Startup/startup_stm32f303retx.o
                                         0x87 (size before relaxing)
